Program 'node.exe' 
failed to run: The 
paging file is too 
small for this 
operation to 
completeAt C:\Program F
iles\nodejs\npm.ps1:13 
char:14
+ $NPM_PREFIX=(& 
$NODE_EXE 
$NPM_PREFIX_JS)
+              ~~~~~~~~
~~~~~~~~~~~~~~~~~~.
At C:\Program Files\nod
ejs\npm.ps1:13 char:1
+ $NPM_PREFIX=(& 
$NODE_EXE 
$NPM_PREFIX_JS)
+ ~~~~~~~~~~~~~~~~~~~~~
~~~~~~~~~~~~~~~~~~~
    + CategoryInfo     
         : ResourceUn  
  available: (:) [],   
  ApplicationFailed    
Exception
    + FullyQualifiedEr 
   rorId : NativeComm  
  andFailed
 
